<?xml version="1.0" encoding="UTF-8"?>
<TestRun id="75a51d97-02d0-4cf0-b3de-40c36a14a667" name="RaSu@RASU-PC 2014-11-21 19:17:44" runUser="RaSu-PC\RaSu" xmlns="http://microsoft.com/schemas/VisualStudio/TeamTest/2010">
  <TestSettings name="Local" id="856d45aa-e491-4297-bccb-48209a0f6540">
    <Description>These are default test settings for a local test run.</Description>
    <Deployment enabled="false" runDeploymentRoot="RaSu_RASU-PC 2014-11-21 19_17_44">
      <DeploymentItem filename="D:\Rasu\Inventrace\InventraceDLogic\bin\Debug\InventraceDLogic.dll" />
      <DeploymentItem filename="D:\Rasu\Inventrace\InventraceConstant\bin\Debug\InventraceConstant.dll" />
      <DeploymentItem filename="D:\Rasu\Inventrace\InventraceBLogic\bin\Debug\InventraceBLogic.dll" />
    </Deployment>
    <Execution>
      <TestTypeSpecific />
      <AgentRule name="Execution Agents">
      </AgentRule>
    </Execution>
  </TestSettings>
  <Times creation="2014-11-21T19:17:44.6740796+05:30" queuing="2014-11-21T19:17:49.9803831+05:30" start="2014-11-21T19:17:50.0303859+05:30" finish="2014-11-21T19:17:53.3265745+05:30" />
  <ResultSummary outcome="Completed">
    <Counters total="1" executed="1" passed="1" error="0" failed="0" timeout="0" aborted="0" inconclusive="0" passedButRunAborted="0" notRunnable="0" notExecuted="0" disconnected="0" warning="0" completed="0" inProgress="0" pending="0" />
  </ResultSummary>
  <TestDefinitions>
    <UnitTest name="SelectDepartmentByID" storage="d:\rasu\inventrace\inventraceunittest\bin\debug\inventraceunittest.dll" id="0f38f28f-7950-ba09-8e2e-9e4afbd441f3">
      <Execution id="6db95464-67c8-4da8-8f21-112dacbe551d" />
      <TestMethod codeBase="D:/Rasu/Inventrace/InventraceUnitTest/bin/Debug/InventraceUnitTest.DLL" adapterTypeName="Microsoft.VisualStudio.TestTools.TestTypes.Unit.UnitTestAdapter, Microsoft.VisualStudio.QualityTools.Tips.UnitTest.Adapter, Version=10.0.0.0, Culture=neutral, PublicKeyToken=b03f5f7f11d50a3a" className="InventraceUnitTest.DepartmentUnitTest, InventraceUnitTest, Version=1.0.0.0, Culture=neutral, PublicKeyToken=null" name="SelectDepartmentByID" />
    </UnitTest>
  </TestDefinitions>
  <TestLists>
    <TestList name="Results Not in a List" id="8c84fa94-04c1-424b-9868-57a2d4851a1d" />
    <TestList name="All Loaded Results" id="19431567-8539-422a-85d7-44ee4e166bda" />
  </TestLists>
  <TestEntries>
    <TestEntry testId="0f38f28f-7950-ba09-8e2e-9e4afbd441f3" executionId="6db95464-67c8-4da8-8f21-112dacbe551d" testListId="8c84fa94-04c1-424b-9868-57a2d4851a1d" />
  </TestEntries>
  <Results>
    <UnitTestResult executionId="6db95464-67c8-4da8-8f21-112dacbe551d" testId="0f38f28f-7950-ba09-8e2e-9e4afbd441f3" testName="SelectDepartmentByID" computerName="RASU-PC" duration="00:00:02.6695134" startTime="2014-11-21T19:17:50.0843890+05:30" endTime="2014-11-21T19:17:53.2295689+05:30" testType="13cdc9d9-ddb5-4fa4-a97d-d965ccfc6d4b" outcome="Passed" testListId="8c84fa94-04c1-424b-9868-57a2d4851a1d" relativeResultsDirectory="6db95464-67c8-4da8-8f21-112dacbe551d">
    </UnitTestResult>
  </Results>
</TestRun>