<?xml version="1.0" encoding="UTF-8"?>
<TestRun id="e5a16883-d93b-4f6d-92d5-5ee53b4615cc" name="RaSu@RASU-PC 2014-11-21 19:18:02" runUser="RaSu-PC\RaSu" xmlns="http://microsoft.com/schemas/VisualStudio/TeamTest/2010">
  <TestSettings name="Local" id="856d45aa-e491-4297-bccb-48209a0f6540">
    <Description>These are default test settings for a local test run.</Description>
    <Deployment enabled="false" runDeploymentRoot="RaSu_RASU-PC 2014-11-21 19_18_02">
      <DeploymentItem filename="D:\Rasu\Inventrace\InventraceDLogic\bin\Debug\InventraceDLogic.dll" />
      <DeploymentItem filename="D:\Rasu\Inventrace\InventraceConstant\bin\Debug\InventraceConstant.dll" />
      <DeploymentItem filename="D:\Rasu\Inventrace\InventraceBLogic\bin\Debug\InventraceBLogic.dll" />
    </Deployment>
    <Execution>
      <TestTypeSpecific />
      <AgentRule name="Execution Agents">
      </AgentRule>
    </Execution>
  </TestSettings>
  <Times creation="2014-11-21T19:18:02.6601083+05:30" queuing="2014-11-21T19:18:02.6661086+05:30" start="2014-11-21T19:18:02.6811095+05:30" finish="2014-11-21T19:18:08.6514510+05:30" />
  <ResultSummary outcome="Failed">
    <Counters total="4" executed="4" passed="3" error="0" failed="1" timeout="0" aborted="0" inconclusive="0" passedButRunAborted="0" notRunnable="0" notExecuted="0" disconnected="0" warning="0" completed="0" inProgress="0" pending="0" />
  </ResultSummary>
  <TestDefinitions>
    <UnitTest name="TestMethod1" storage="d:\rasu\inventrace\inventraceunittest\bin\debug\inventraceunittest.dll" id="c5fd2d80-bbcf-cbc5-48b9-bd03c00c3d61">
      <Execution id="d88062cb-aa96-4bf3-a92f-265c5d1d45bf" />
      <TestMethod codeBase="D:/Rasu/Inventrace/InventraceUnitTest/bin/Debug/InventraceUnitTest.DLL" adapterTypeName="Microsoft.VisualStudio.TestTools.TestTypes.Unit.UnitTestAdapter, Microsoft.VisualStudio.QualityTools.Tips.UnitTest.Adapter, Version=10.0.0.0, Culture=neutral, PublicKeyToken=b03f5f7f11d50a3a" className="InventraceUnitTest.UnitTest1, InventraceUnitTest, Version=1.0.0.0, Culture=neutral, PublicKeyToken=null" name="TestMethod1" />
    </UnitTest>
    <UnitTest name="SelectAllDepartments" storage="d:\rasu\inventrace\inventraceunittest\bin\debug\inventraceunittest.dll" id="bfb32b0c-945d-7b70-b9e9-b03493793613">
      <Execution id="87c621be-9aec-401d-a724-e11f2a50fd45" />
      <TestMethod codeBase="D:/Rasu/Inventrace/InventraceUnitTest/bin/Debug/InventraceUnitTest.DLL" adapterTypeName="Microsoft.VisualStudio.TestTools.TestTypes.Unit.UnitTestAdapter, Microsoft.VisualStudio.QualityTools.Tips.UnitTest.Adapter, Version=10.0.0.0, Culture=neutral, PublicKeyToken=b03f5f7f11d50a3a" className="InventraceUnitTest.DepartmentUnitTest, InventraceUnitTest, Version=1.0.0.0, Culture=neutral, PublicKeyToken=null" name="SelectAllDepartments" />
    </UnitTest>
    <UnitTest name="SelectDepartmentByID" storage="d:\rasu\inventrace\inventraceunittest\bin\debug\inventraceunittest.dll" id="0f38f28f-7950-ba09-8e2e-9e4afbd441f3">
      <Execution id="cf80564d-f5c5-44ee-a334-a1ce87fd37e5" />
      <TestMethod codeBase="D:/Rasu/Inventrace/InventraceUnitTest/bin/Debug/InventraceUnitTest.DLL" adapterTypeName="Microsoft.VisualStudio.TestTools.TestTypes.Unit.UnitTestAdapter, Microsoft.VisualStudio.QualityTools.Tips.UnitTest.Adapter, Version=10.0.0.0, Culture=neutral, PublicKeyToken=b03f5f7f11d50a3a" className="InventraceUnitTest.DepartmentUnitTest, InventraceUnitTest, Version=1.0.0.0, Culture=neutral, PublicKeyToken=null" name="SelectDepartmentByID" />
    </UnitTest>
    <UnitTest name="AddDepartment" storage="d:\rasu\inventrace\inventraceunittest\bin\debug\inventraceunittest.dll" id="016f7a35-e1de-09bc-c76f-3fcd9a2a8a44">
      <Execution id="a4a2d9f1-6c10-42dd-a946-efa39dea7d89" />
      <TestMethod codeBase="D:/Rasu/Inventrace/InventraceUnitTest/bin/Debug/InventraceUnitTest.DLL" adapterTypeName="Microsoft.VisualStudio.TestTools.TestTypes.Unit.UnitTestAdapter, Microsoft.VisualStudio.QualityTools.Tips.UnitTest.Adapter, Version=10.0.0.0, Culture=neutral, PublicKeyToken=b03f5f7f11d50a3a" className="InventraceUnitTest.DepartmentUnitTest, InventraceUnitTest, Version=1.0.0.0, Culture=neutral, PublicKeyToken=null" name="AddDepartment" />
    </UnitTest>
  </TestDefinitions>
  <TestLists>
    <TestList name="Results Not in a List" id="8c84fa94-04c1-424b-9868-57a2d4851a1d" />
    <TestList name="All Loaded Results" id="19431567-8539-422a-85d7-44ee4e166bda" />
  </TestLists>
  <TestEntries>
    <TestEntry testId="016f7a35-e1de-09bc-c76f-3fcd9a2a8a44" executionId="a4a2d9f1-6c10-42dd-a946-efa39dea7d89" testListId="8c84fa94-04c1-424b-9868-57a2d4851a1d" />
    <TestEntry testId="0f38f28f-7950-ba09-8e2e-9e4afbd441f3" executionId="cf80564d-f5c5-44ee-a334-a1ce87fd37e5" testListId="8c84fa94-04c1-424b-9868-57a2d4851a1d" />
    <TestEntry testId="bfb32b0c-945d-7b70-b9e9-b03493793613" executionId="87c621be-9aec-401d-a724-e11f2a50fd45" testListId="8c84fa94-04c1-424b-9868-57a2d4851a1d" />
    <TestEntry testId="c5fd2d80-bbcf-cbc5-48b9-bd03c00c3d61" executionId="d88062cb-aa96-4bf3-a92f-265c5d1d45bf" testListId="8c84fa94-04c1-424b-9868-57a2d4851a1d" />
  </TestEntries>
  <Results>
    <UnitTestResult executionId="a4a2d9f1-6c10-42dd-a946-efa39dea7d89" testId="016f7a35-e1de-09bc-c76f-3fcd9a2a8a44" testName="AddDepartment" computerName="RASU-PC" duration="00:00:02.1628324" startTime="2014-11-21T19:18:02.6941102+05:30" endTime="2014-11-21T19:18:05.0762465+05:30" testType="13cdc9d9-ddb5-4fa4-a97d-d965ccfc6d4b" outcome="Passed" testListId="8c84fa94-04c1-424b-9868-57a2d4851a1d" relativeResultsDirectory="a4a2d9f1-6c10-42dd-a946-efa39dea7d89">
    </UnitTestResult>
    <UnitTestResult executionId="cf80564d-f5c5-44ee-a334-a1ce87fd37e5" testId="0f38f28f-7950-ba09-8e2e-9e4afbd441f3" testName="SelectDepartmentByID" computerName="RASU-PC" duration="00:00:00.3268423" startTime="2014-11-21T19:18:05.0892472+05:30" endTime="2014-11-21T19:18:05.4242664+05:30" testType="13cdc9d9-ddb5-4fa4-a97d-d965ccfc6d4b" outcome="Passed" testListId="8c84fa94-04c1-424b-9868-57a2d4851a1d" relativeResultsDirectory="cf80564d-f5c5-44ee-a334-a1ce87fd37e5">
    </UnitTestResult>
    <UnitTestResult executionId="87c621be-9aec-401d-a724-e11f2a50fd45" testId="bfb32b0c-945d-7b70-b9e9-b03493793613" testName="SelectAllDepartments" computerName="RASU-PC" duration="00:00:00.5622077" startTime="2014-11-21T19:18:05.4262665+05:30" endTime="2014-11-21T19:18:05.9922989+05:30" testType="13cdc9d9-ddb5-4fa4-a97d-d965ccfc6d4b" outcome="Failed" testListId="8c84fa94-04c1-424b-9868-57a2d4851a1d" relativeResultsDirectory="87c621be-9aec-401d-a724-e11f2a50fd45">
      <Output>
        <ErrorInfo>
          <Message>Test method InventraceUnitTest.DepartmentUnitTest.SelectAllDepartments threw exception: 
System.ArgumentException: Column 'ModifiedDate' does not belong to table .</Message>
          <StackTrace>    at System.Data.DataRow.GetDataColumn(String columnName)
   at System.Data.DataRow.get_Item(String columnName)
   at InventraceBLogic.Department.&lt;GetDepartment&gt;b__1(DataRow row) in D:\Rasu\Inventrace\InventraceBLogic\Department.cs:line 66
   at System.Linq.Enumerable.WhereSelectEnumerableIterator`2.MoveNext()
   at System.Collections.Generic.List`1..ctor(IEnumerable`1 collection)
   at System.Linq.Enumerable.ToList[TSource](IEnumerable`1 source)
   at InventraceBLogic.Department.GetDepartment(DataTable dt) in D:\Rasu\Inventrace\InventraceBLogic\Department.cs:line 65
   at InventraceBLogic.Department.GetAllDepartments() in D:\Rasu\Inventrace\InventraceBLogic\Department.cs:line 55
   at InventraceUnitTest.DepartmentUnitTest.SelectAllDepartments() in D:\Rasu\Inventrace\InventraceUnitTest\DepartmentUnitTest.cs:line 42
</StackTrace>
        </ErrorInfo>
      </Output>
    </UnitTestResult>
    <UnitTestResult executionId="d88062cb-aa96-4bf3-a92f-265c5d1d45bf" testId="c5fd2d80-bbcf-cbc5-48b9-bd03c00c3d61" testName="TestMethod1" computerName="RASU-PC" duration="00:00:01.0679137" startTime="2014-11-21T19:18:06.0012994+05:30" endTime="2014-11-21T19:18:07.0883616+05:30" testType="13cdc9d9-ddb5-4fa4-a97d-d965ccfc6d4b" outcome="Passed" testListId="8c84fa94-04c1-424b-9868-57a2d4851a1d" relativeResultsDirectory="d88062cb-aa96-4bf3-a92f-265c5d1d45bf">
    </UnitTestResult>
  </Results>
</TestRun>